main.c:120:6:Variar_CCR	4	static
main.c:129:6:HAL_GPIO_EXTI_Callback	16	static
main.c:144:5:main	8	static
main.c:256:6:SystemClock_Config	72	static
main.c:295:13:MX_TIM1_Init	96	static
main.c:370:13:MX_TIM2_Init	32	static
main.c:415:13:MX_USART3_UART_Init	8	static
main.c:448:13:MX_GPIO_Init	40	static
main.c:501:6:StartSpeed	40	static
main.c:560:6:StartModbus	32	static
main.c:599:6:StartCheckVelocidad	16	static
main.c:624:6:HAL_TIM_PeriodElapsedCallback	16	static
main.c:643:6:Error_Handler	4	static,ignoring_inline_asm
