Linealizacion.c:35:6:Linealizacion_step	16	static
Linealizacion.c:109:6:Linealizacion_initialize	4	static
control.c:29:6:control_step	24	static
control.c:65:6:control_initialize	4	static
main.c:131:6:HAL_GPIO_EXTI_Callback	16	static
main.c:147:5:main	8	static
main.c:267:6:SystemClock_Config	72	static
main.c:306:13:MX_TIM1_Init	96	static
main.c:393:13:MX_TIM2_Init	32	static
main.c:438:13:MX_USART3_UART_Init	8	static
main.c:471:13:MX_GPIO_Init	40	static
main.c:546:6:StartSpeed	80	static
main.c:639:6:StartModbus	112	static
main.c:721:6:StartCheckVelocidad	24	static
main.c:756:6:StartTaskControl	32	static
main.c:831:6:HAL_TIM_PeriodElapsedCallback	16	static
main.c:850:6:Error_Handler	4	static,ignoring_inline_asm
